// Jest Snapshot v1, https://goo.gl/fbAQLP

exports[`EditHabitScreen should render correctly 1`] = `
<DocumentFragment>
  <div>
    <h2
      class="mb-4 font-extrabold tracking-tight text-zinc-600 dark:text-zinc-200 text-2xl text-center"
      level="h4"
    >
      Edit habit
    </h2>
    <form>
      <div
        class="mb-6"
      >
        <label
          class="block text-sm font-semibold leading-6 mb-2 text-zinc-600 dark:text-zinc-200"
          for="name"
        >
          Name
        </label>
        <input
          aria-label="name"
          class="bg-transparent appearance-none text-zinc-600 dark:text-zinc-200 rounded block w-full px-3 h-10 shadow-sm sm:text-sm focus:outline-none placeholder:text-slate-300 focus:ring-2 focus:ring-sky-600 ring-1 ring-zinc-400"
          id="name"
          name="name"
          required=""
          type="name"
        />
      </div>
      <div
        class="mb-6"
      >
        <label
          class="block text-sm font-semibold leading-6 mb-2 text-zinc-600 dark:text-zinc-200"
          for="description"
        >
          Description
        </label>
        <input
          aria-label="description"
          class="bg-transparent appearance-none text-zinc-600 dark:text-zinc-200 rounded block w-full px-3 h-10 shadow-sm sm:text-sm focus:outline-none placeholder:text-slate-300 focus:ring-2 focus:ring-sky-600 ring-1 ring-zinc-400"
          id="description"
          name="description"
          type="description"
        />
      </div>
      <label
        class="block text-sm font-semibold leading-6 mb-2 text-zinc-600 dark:text-zinc-200"
        for="color"
      >
        Color
      </label>
      <div
        class="react-colorful"
      >
        <div
          class="react-colorful__saturation"
          style="background-color: rgb(0, 0, 0);"
        >
          <div
            aria-label="Color"
            aria-valuetext="Saturation 32%, Brightness 67%"
            class="react-colorful__interactive"
            role="slider"
            tabindex="0"
          >
            <div
              class="react-colorful__pointer react-colorful__saturation-pointer"
              style="top: 32.99999999999999%; left: 32%;"
            >
              <div
                class="react-colorful__pointer-fill"
                style="background-color: rgb(115, 115, 115);"
              />
            </div>
          </div>
        </div>
        <div
          class="react-colorful__hue react-colorful__last-control"
        >
          <div
            aria-label="Hue"
            aria-valuemax="360"
            aria-valuemin="0"
            aria-valuenow="119"
            class="react-colorful__interactive"
            role="slider"
            tabindex="0"
          >
            <div
              class="react-colorful__pointer react-colorful__hue-pointer"
              style="top: 50%; left: 33.05555555555556%;"
            >
              <div
                class="react-colorful__pointer-fill"
                style="background-color: rgb(0, 0, 0);"
              />
            </div>
          </div>
        </div>
      </div>
      <div
        class="mt-6 flex flex-col items-center"
      >
        <button
          class="opacity-90 hover:opacity-100 text-sm button py-2 px-6 rounded-full inline-flex justify-center text-sm font-semibold py-2.5 px-4 shadow text-zinc-100 bg-sky-600 hover:bg-sky-700 max-w-md w-full mt-6"
          type="submit"
        >
          Save habit
        </button>
      </div>
    </form>
  </div>
</DocumentFragment>
`;
