// Jest Snapshot v1, https://goo.gl/fbAQLP

exports[`RegisterScreen should render correctly 1`] = `
<DocumentFragment>
  <div
    class="relative h-screen flex flex-1 flex-col overflow-hidden"
  >
    <header
      class="sticky top-0 z-40 w-full backdrop-blur flex-none transition-colors duration-500 border-b border-slate-900/10 text-sm font-semibold leading-6 bg-slate-300/5"
    >
      <div
        class="max-w-7xl mx-auto"
      >
        <div
          class="py-4 mx-4"
        >
          <div
            class="relative flex items-center"
          >
            <div
              class="relative hidden lg:flex items-center ml-auto"
            >
              <a
                class="text-sm whitespace-nowrap py-2 px-6 rounded-full inline-flex justify-center rounded-lg font-semibold py-2.5 px-4 hover:text-slate-200"
                href="/login"
              >
                Sign in
              </a>
              <a
                class="text-sm whitespace-nowrap py-2 px-6 rounded-full inline-flex justify-center rounded-lg font-semibold py-2.5 px-4 bg-slate-300 text-slate-900 hover:bg-slate-200 w-full"
                href="/register"
              >
                Register
              </a>
            </div>
          </div>
        </div>
      </div>
    </header>
    <div
      class="relative flex flex-1 flex-col items-center justify-center"
    >
      <form
        class="w-full max-w-sm bg-slate-300/5 rounded px-5 py-12"
      >
        <div
          class="mb-6"
        >
          <label
            class="block text-sm font-semibold leading-6"
            for="text"
          >
            Name
          </label>
          <input
            aria-label="name"
            class="bg-transparent mt-2 appearance-none text-slate-100 rounded-md block w-full px-3 h-10 shadow-sm sm:text-sm focus:outline-none placeholder:text-slate-300 focus:ring-2 focus:ring-sky-500 ring-1 ring-slate-200"
            id="text"
            name="name"
            required=""
            type="text"
          />
        </div>
        <div
          class="mb-6"
        >
          <label
            class="block text-sm font-semibold leading-6"
            for="email"
          >
            Email
          </label>
          <input
            aria-label="email"
            class="bg-transparent mt-2 appearance-none text-slate-100 rounded-md block w-full px-3 h-10 shadow-sm sm:text-sm focus:outline-none placeholder:text-slate-300 focus:ring-2 focus:ring-sky-500 ring-1 ring-slate-200"
            id="email"
            name="email"
            required=""
            type="email"
          />
        </div>
        <div
          class="mb-6"
        >
          <label
            class="block text-sm font-semibold leading-6"
            for="password"
          >
            Password
          </label>
          <input
            aria-label="password"
            class="bg-transparent mt-2 appearance-none text-slate-100 rounded-md block w-full px-3 h-10 shadow-sm sm:text-sm focus:outline-none placeholder:text-slate-300 focus:ring-2 focus:ring-sky-500 ring-1 ring-slate-200"
            id="password"
            name="password"
            required=""
            type="password"
          />
        </div>
        <div
          class="mb-6"
        >
          <label
            class="block text-sm font-semibold leading-6"
            for="password"
          >
            Confirm password
          </label>
          <input
            aria-label="password_confirmation"
            class="bg-transparent mt-2 appearance-none text-slate-100 rounded-md block w-full px-3 h-10 shadow-sm sm:text-sm focus:outline-none placeholder:text-slate-300 focus:ring-2 focus:ring-sky-500 ring-1 ring-slate-200"
            id="password"
            name="password_confirmation"
            required=""
            type="password"
          />
        </div>
        <button
          class="text-sm button py-2 px-6 rounded-full inline-flex justify-center rounded-lg text-sm font-semibold py-2.5 px-4 bg-slate-300 text-slate-900 hover:bg-slate-200 w-full w-full"
          type="sumit"
        >
          Register
        </button>
      </form>
    </div>
    <footer
      class="relative shrink-0 mb-8"
    >
      <div
        class="space-y-4 text-sm sm:flex sm:items-center sm:justify-center sm:space-x-4 sm:space-y-0"
      >
        <p
          class="text-center sm:text-left"
        >
          Already have an account?
        </p>
        <a
          class="text-sm whitespace-nowrap py-2 px-6 rounded-full inline-flex justify-center rounded-lg font-semibold py-2.5 px-4 ring-1 ring-slate-300/10 hover:ring-slate-200/20"
          href="/login"
        >
          Sign in
        </a>
      </div>
    </footer>
  </div>
</DocumentFragment>
`;
